Archive member included to satisfy reference by file (symbol)

/Applications/STM32CubeIDE.app/Contents/Eclipse/plugins/com.st.stm32cube.ide.mcu.externaltools.gnu-tools-for-stm32.10.3-2021.10.macos64_1.0.100.202210260954/tools/bin/../lib/gcc/arm-none-eabi/10.3.1/../../../../arm-none-eabi/lib/thumb/v6-m/nofp/libc_nano.a(lib_a-errno.o)
                              ./Core/Src/syscalls.o (__errno)
/Applications/STM32CubeIDE.app/Contents/Eclipse/plugins/com.st.stm32cube.ide.mcu.externaltools.gnu-tools-for-stm32.10.3-2021.10.macos64_1.0.100.202210260954/tools/bin/../lib/gcc/arm-none-eabi/10.3.1/../../../../arm-none-eabi/lib/thumb/v6-m/nofp/libc_nano.a(lib_a-exit.o)
                              /Applications/STM32CubeIDE.app/Contents/Eclipse/plugins/com.st.stm32cube.ide.mcu.externaltools.gnu-tools-for-stm32.10.3-2021.10.macos64_1.0.100.202210260954/tools/bin/../lib/gcc/arm-none-eabi/10.3.1/../../../../arm-none-eabi/lib/thumb/v6-m/nofp/crt0.o (exit)
/Applications/STM32CubeIDE.app/Contents/Eclipse/plugins/com.st.stm32cube.ide.mcu.externaltools.gnu-tools-for-stm32.10.3-2021.10.macos64_1.0.100.202210260954/tools/bin/../lib/gcc/arm-none-eabi/10.3.1/../../../../arm-none-eabi/lib/thumb/v6-m/nofp/libc_nano.a(lib_a-impure.o)
                              /Applications/STM32CubeIDE.app/Contents/Eclipse/plugins/com.st.stm32cube.ide.mcu.externaltools.gnu-tools-for-stm32.10.3-2021.10.macos64_1.0.100.202210260954/tools/bin/../lib/gcc/arm-none-eabi/10.3.1/../../../../arm-none-eabi/lib/thumb/v6-m/nofp/libc_nano.a(lib_a-exit.o) (_global_impure_ptr)
/Applications/STM32CubeIDE.app/Contents/Eclipse/plugins/com.st.stm32cube.ide.mcu.externaltools.gnu-tools-for-stm32.10.3-2021.10.macos64_1.0.100.202210260954/tools/bin/../lib/gcc/arm-none-eabi/10.3.1/../../../../arm-none-eabi/lib/thumb/v6-m/nofp/libc_nano.a(lib_a-init.o)
                              /Applications/STM32CubeIDE.app/Contents/Eclipse/plugins/com.st.stm32cube.ide.mcu.externaltools.gnu-tools-for-stm32.10.3-2021.10.macos64_1.0.100.202210260954/tools/bin/../lib/gcc/arm-none-eabi/10.3.1/../../../../arm-none-eabi/lib/thumb/v6-m/nofp/crt0.o (__libc_init_array)
/Applications/STM32CubeIDE.app/Contents/Eclipse/plugins/com.st.stm32cube.ide.mcu.externaltools.gnu-tools-for-stm32.10.3-2021.10.macos64_1.0.100.202210260954/tools/bin/../lib/gcc/arm-none-eabi/10.3.1/../../../../arm-none-eabi/lib/thumb/v6-m/nofp/libc_nano.a(lib_a-memset.o)
                              /Applications/STM32CubeIDE.app/Contents/Eclipse/plugins/com.st.stm32cube.ide.mcu.externaltools.gnu-tools-for-stm32.10.3-2021.10.macos64_1.0.100.202210260954/tools/bin/../lib/gcc/arm-none-eabi/10.3.1/../../../../arm-none-eabi/lib/thumb/v6-m/nofp/crt0.o (memset)
/Applications/STM32CubeIDE.app/Contents/Eclipse/plugins/com.st.stm32cube.ide.mcu.externaltools.gnu-tools-for-stm32.10.3-2021.10.macos64_1.0.100.202210260954/tools/bin/../lib/gcc/arm-none-eabi/10.3.1/thumb/v6-m/nofp/libgcc.a(_udivsi3.o)
                              ./Core/Src/main.o (__aeabi_uidiv)
/Applications/STM32CubeIDE.app/Contents/Eclipse/plugins/com.st.stm32cube.ide.mcu.externaltools.gnu-tools-for-stm32.10.3-2021.10.macos64_1.0.100.202210260954/tools/bin/../lib/gcc/arm-none-eabi/10.3.1/thumb/v6-m/nofp/libgcc.a(_divsi3.o)
                              ./Core/Src/main.o (__aeabi_idiv)
/Applications/STM32CubeIDE.app/Contents/Eclipse/plugins/com.st.stm32cube.ide.mcu.externaltools.gnu-tools-for-stm32.10.3-2021.10.macos64_1.0.100.202210260954/tools/bin/../lib/gcc/arm-none-eabi/10.3.1/thumb/v6-m/nofp/libgcc.a(_dvmd_tls.o)
                              /Applications/STM32CubeIDE.app/Contents/Eclipse/plugins/com.st.stm32cube.ide.mcu.externaltools.gnu-tools-for-stm32.10.3-2021.10.macos64_1.0.100.202210260954/tools/bin/../lib/gcc/arm-none-eabi/10.3.1/thumb/v6-m/nofp/libgcc.a(_udivsi3.o) (__aeabi_idiv0)
/Applications/STM32CubeIDE.app/Contents/Eclipse/plugins/com.st.stm32cube.ide.mcu.externaltools.gnu-tools-for-stm32.10.3-2021.10.macos64_1.0.100.202210260954/tools/bin/../lib/gcc/arm-none-eabi/10.3.1/thumb/v6-m/nofp/libgcc.a(_arm_cmpsf2.o)
                              ./Core/Src/main.o (__aeabi_fcmplt)
/Applications/STM32CubeIDE.app/Contents/Eclipse/plugins/com.st.stm32cube.ide.mcu.externaltools.gnu-tools-for-stm32.10.3-2021.10.macos64_1.0.100.202210260954/tools/bin/../lib/gcc/arm-none-eabi/10.3.1/thumb/v6-m/nofp/libgcc.a(_aeabi_uldivmod.o)
                              ./Drivers/STM32L0xx_HAL_Driver/Src/stm32l0xx_hal_rcc.o (__aeabi_uldivmod)
/Applications/STM32CubeIDE.app/Contents/Eclipse/plugins/com.st.stm32cube.ide.mcu.externaltools.gnu-tools-for-stm32.10.3-2021.10.macos64_1.0.100.202210260954/tools/bin/../lib/gcc/arm-none-eabi/10.3.1/thumb/v6-m/nofp/libgcc.a(_muldi3.o)
                              ./Drivers/STM32L0xx_HAL_Driver/Src/stm32l0xx_hal_rcc.o (__aeabi_lmul)
[...]
Memory Configuration

Name             Origin             Length             Attributes
RAM              0x0000000020000000 0x0000000000000800 xrw
FLASH            0x0000000008000000 0x0000000000004000 xr
*default*        0x0000000000000000 0xffffffffffffffff

Linker script and memory map

LOAD /Applications/STM32CubeIDE.app/Contents/Eclipse/plugins/com.st.stm32cube.ide.mcu.externaltools.gnu-tools-for-stm32.10.3-2021.10.macos64_1.0.100.202210260954/tools/bin/../lib/gcc/arm-none-eabi/10.3.1/thumb/v6-m/nofp/crti.o
LOAD /Applications/STM32CubeIDE.app/Contents/Eclipse/plugins/com.st.stm32cube.ide.mcu.externaltools.gnu-tools-for-stm32.10.3-2021.10.macos64_1.0.100.202210260954/tools/bin/../lib/gcc/arm-none-eabi/10.3.1/thumb/v6-m/nofp/crtbegin.o
LOAD /Applications/STM32CubeIDE.app/Contents/Eclipse/plugins/com.st.stm32cube.ide.mcu.externaltools.gnu-tools-for-stm32.10.3-2021.10.macos64_1.0.100.202210260954/tools/bin/../lib/gcc/arm-none-eabi/10.3.1/../../../../arm-none-eabi/lib/thumb/v6-m/nofp/crt0.o
LOAD ./Core/Src/main.o
LOAD ./Core/Src/stm32l0xx_hal_msp.o
LOAD ./Core/Src/stm32l0xx_it.o
LOAD ./Core/Src/syscalls.o
LOAD ./Core/Src/sysmem.o
LOAD ./Core/Src/system_stm32l0xx.o
LOAD ./Core/Startup/startup_stm32l011k4tx.o
LOAD ./Drivers/STM32L0xx_HAL_Driver/Src/stm32l0xx_hal.o
LOAD ./Drivers/STM32L0xx_HAL_Driver/Src/stm32l0xx_hal_cortex.o
LOAD ./Drivers/STM32L0xx_HAL_Driver/Src/stm32l0xx_hal_dma.o
LOAD ./Drivers/STM32L0xx_HAL_Driver/Src/stm32l0xx_hal_exti.o
LOAD ./Drivers/STM32L0xx_HAL_Driver/Src/stm32l0xx_hal_flash.o
LOAD ./Drivers/STM32L0xx_HAL_Driver/Src/stm32l0xx_hal_flash_ex.o
LOAD ./Drivers/STM32L0xx_HAL_Driver/Src/stm32l0xx_hal_flash_ramfunc.o
LOAD ./Drivers/STM32L0xx_HAL_Driver/Src/stm32l0xx_hal_gpio.o
LOAD ./Drivers/STM32L0xx_HAL_Driver/Src/stm32l0xx_hal_i2c.o
LOAD ./Drivers/STM32L0xx_HAL_Driver/Src/stm32l0xx_hal_i2c_ex.o
LOAD ./Drivers/STM32L0xx_HAL_Driver/Src/stm32l0xx_hal_pwr.o
LOAD ./Drivers/STM32L0xx_HAL_Driver/Src/stm32l0xx_hal_pwr_ex.o
LOAD ./Drivers/STM32L0xx_HAL_Driver/Src/stm32l0xx_hal_rcc.o
LOAD ./Drivers/STM32L0xx_HAL_Driver/Src/stm32l0xx_hal_rcc_ex.o
LOAD ./libraries/src/adc.o
LOAD ./libraries/src/exti.o
LOAD ./libraries/src/gpio.o
LOAD ./libraries/src/measurements.o
LOAD ./libraries/src/systemclockconfig.o
LOAD ./libraries/src/timer.o
LOAD ./libraries/src/uart.o
START GROUP
LOAD /Applications/STM32CubeIDE.app/Contents/Eclipse/plugins/com.st.stm32cube.ide.mcu.externaltools.gnu-tools-for-stm32.10.3-2021.10.macos64_1.0.100.202210260954/tools/bin/../lib/gcc/arm-none-eabi/10.3.1/../../../../arm-none-eabi/lib/thumb/v6-m/nofp/libc_nano.a
LOAD /Applications/STM32CubeIDE.app/Contents/Eclipse/plugins/com.st.stm32cube.ide.mcu.externaltools.gnu-tools-for-stm32.10.3-2021.10.macos64_1.0.100.202210260954/tools/bin/../lib/gcc/arm-none-eabi/10.3.1/../../../../arm-none-eabi/lib/thumb/v6-m/nofp/libm.a
END GROUP
START GROUP
LOAD /Applications/STM32CubeIDE.app/Contents/Eclipse/plugins/com.st.stm32cube.ide.mcu.externaltools.gnu-tools-for-stm32.10.3-2021.10.macos64_1.0.100.202210260954/tools/bin/../lib/gcc/arm-none-eabi/10.3.1/thumb/v6-m/nofp/libgcc.a
LOAD /Applications/STM32CubeIDE.app/Contents/Eclipse/plugins/com.st.stm32cube.ide.mcu.externaltools.gnu-tools-for-stm32.10.3-2021.10.macos64_1.0.100.202210260954/tools/bin/../lib/gcc/arm-none-eabi/10.3.1/../../../../arm-none-eabi/lib/thumb/v6-m/nofp/libc_nano.a
END GROUP
START GROUP
LOAD /Applications/STM32CubeIDE.app/Contents/Eclipse/plugins/com.st.stm32cube.ide.mcu.externaltools.gnu-tools-for-stm32.10.3-2021.10.macos64_1.0.100.202210260954/tools/bin/../lib/gcc/arm-none-eabi/10.3.1/thumb/v6-m/nofp/libgcc.a
LOAD /Applications/STM32CubeIDE.app/Contents/Eclipse/plugins/com.st.stm32cube.ide.mcu.externaltools.gnu-tools-for-stm32.10.3-2021.10.macos64_1.0.100.202210260954/tools/bin/../lib/gcc/arm-none-eabi/10.3.1/../../../../arm-none-eabi/lib/thumb/v6-m/nofp/libc_nano.a
LOAD /Applications/STM32CubeIDE.app/Contents/Eclipse/plugins/com.st.stm32cube.ide.mcu.externaltools.gnu-tools-for-stm32.10.3-2021.10.macos64_1.0.100.202210260954/tools/bin/../lib/gcc/arm-none-eabi/10.3.1/../../../../arm-none-eabi/lib/thumb/v6-m/nofp/libnosys.a
END GROUP
START GROUP
LOAD /Applications/STM32CubeIDE.app/Contents/Eclipse/plugins/com.st.stm32cube.ide.mcu.externaltools.gnu-tools-for-stm32.10.3-2021.10.macos64_1.0.100.202210260954/tools/bin/../lib/gcc/arm-none-eabi/10.3.1/thumb/v6-m/nofp/libgcc.a
LOAD /Applications/STM32CubeIDE.app/Contents/Eclipse/plugins/com.st.stm32cube.ide.mcu.externaltools.gnu-tools-for-stm32.10.3-2021.10.macos64_1.0.100.202210260954/tools/bin/../lib/gcc/arm-none-eabi/10.3.1/../../../../arm-none-eabi/lib/thumb/v6-m/nofp/libc_nano.a
LOAD /Applications/STM32CubeIDE.app/Contents/Eclipse/plugins/com.st.stm32cube.ide.mcu.externaltools.gnu-tools-for-stm32.10.3-2021.10.macos64_1.0.100.202210260954/tools/bin/../lib/gcc/arm-none-eabi/10.3.1/../../../../arm-none-eabi/lib/thumb/v6-m/nofp/libnosys.a
END GROUP
LOAD /Applications/STM32CubeIDE.app/Contents/Eclipse/plugins/com.st.stm32cube.ide.mcu.externaltools.gnu-tools-for-stm32.10.3-2021.10.macos64_1.0.100.202210260954/tools/bin/../lib/gcc/arm-none-eabi/10.3.1/thumb/v6-m/nofp/crtend.o
LOAD /Applications/STM32CubeIDE.app/Contents/Eclipse/plugins/com.st.stm32cube.ide.mcu.externaltools.gnu-tools-for-stm32.10.3-2021.10.macos64_1.0.100.202210260954/tools/bin/../lib/gcc/arm-none-eabi/10.3.1/thumb/v6-m/nofp/crtn.o
                0x0000000020000800                _estack = (ORIGIN (RAM) + LENGTH (RAM))
                0x0000000000000200                _Min_Heap_Size = 0x200
                0x0000000000000400                _Min_Stack_Size = 0x400

.isr_vector     0x0000000008000000       0xc0
                0x0000000008000000                . = ALIGN (0x4)
 *(.isr_vector)
 .isr_vector    0x0000000008000000       0xc0 ./Core/Startup/startup_stm32l011k4tx.o
                0x0000000008000000                g_pfnVectors
                0x00000000080000c0                . = ALIGN (0x4)

.text           0x00000000080000c0      0xc10
                0x00000000080000c0                . = ALIGN (0x4)
 *(.text)
 .text          0x00000000080000c0       0x48 /Applications/STM32CubeIDE.app/Contents/Eclipse/plugins/com.st.stm32cube.ide.mcu.externaltools.gnu-tools-for-stm32.10.3-2021.10.macos64_1.0.100.202210260954/tools/bin/../lib/gcc/arm-none-eabi/10.3.1/thumb/v6-m/nofp/crtbegin.o
 .text          0x0000000008000108      0x114 /Applications/STM32CubeIDE.app/Contents/Eclipse/plugins/com.st.stm32cube.ide.mcu.externaltools.gnu-tools-for-stm32.10.3-2021.10.macos64_1.0.100.202210260954/tools/bin/../lib/gcc/arm-none-eabi/10.3.1/thumb/v6-m/nofp/libgcc.a(_udivsi3.o)
                0x0000000008000108                __udivsi3
                0x0000000008000108                __aeabi_uidiv
                0x0000000008000214                __aeabi_uidivmod
 .text          0x000000000800021c        0x4 /Applications/STM32CubeIDE.app/Contents/Eclipse/plugins/com.st.stm32cube.ide.mcu.externaltools.gnu-tools-for-stm32.10.3-2021.10.macos64_1.0.100.202210260954/tools/bin/../lib/gcc/arm-none-eabi/10.3.1/thumb/v6-m/nofp/libgcc.a(_dvmd_tls.o)
                0x000000000800021c                __aeabi_ldiv0
                0x000000000800021c                __aeabi_idiv0
 *(.text*)
 .text.__NVIC_SetPriority
                0x0000000008000220       0xdc ./Core/Src/main.o
 .text.SysTick_Config
                0x00000000080002fc       0x48 ./Core/Src/main.o
 .text.main     0x0000000008000344       0xf8 ./Core/Src/main.o
                0x0000000008000344                main
 .text.HAL_MspInit
                0x000000000800043c       0x28 ./Core/Src/stm32l0xx_hal_msp.o
                0x000000000800043c                HAL_MspInit
 .text.NMI_Handler
                0x0000000008000464        0x6 ./Core/Src/stm32l0xx_it.o
                0x0000000008000464                NMI_Handler
 .text.HardFault_Handler
                0x000000000800046a        0x6 ./Core/Src/stm32l0xx_it.o
                0x000000000800046a                HardFault_Handler
 .text.SVC_Handler
                0x0000000008000470        0xa ./Core/Src/stm32l0xx_it.o
                0x0000000008000470                SVC_Handler
 .text.PendSV_Handler
                0x000000000800047a        0xa ./Core/Src/stm32l0xx_it.o
                0x000000000800047a                PendSV_Handler
 .text.SysTick_Handler
                0x0000000008000484        0xe ./Core/Src/stm32l0xx_it.o
                0x0000000008000484                SysTick_Handler
 .text.SystemInit
                0x0000000008000492        0xa ./Core/Src/system_stm32l0xx.o
                0x0000000008000492                SystemInit
 .text.SystemCoreClockUpdate
                0x000000000800049c      0x170 ./Core/Src/system_stm32l0xx.o
                0x000000000800049c                SystemCoreClockUpdate
 .text.Reset_Handler
                0x000000000800060c       0x80 ./Core/Startup/startup_stm32l011k4tx.o
                0x000000000800060c                Reset_Handler
 .text.Default_Handler
                0x000000000800068c        0x2 ./Core/Startup/startup_stm32l011k4tx.o
                0x000000000800068c                LPTIM1_IRQHandler
                0x000000000800068c                PVD_IRQHandler
                0x000000000800068c                I2C1_IRQHandler
                0x000000000800068c                SPI1_IRQHandler
                0x000000000800068c                EXTI2_3_IRQHandler
                0x000000000800068c                RTC_IRQHandler
                0x000000000800068c                EXTI4_15_IRQHandler
                0x000000000800068c                RCC_IRQHandler
                0x000000000800068c                DMA1_Channel1_IRQHandler
                0x000000000800068c                Default_Handler
                0x000000000800068c                DMA1_Channel4_5_IRQHandler
                0x000000000800068c                TIM21_IRQHandler
                0x000000000800068c                WWDG_IRQHandler
                0x000000000800068c                LPUART1_IRQHandler
                0x000000000800068c                DMA1_Channel2_3_IRQHandler
                0x000000000800068c                USART2_IRQHandler
                0x000000000800068c                FLASH_IRQHandler
                0x000000000800068c                ADC1_COMP_IRQHandler
 *fill*         0x000000000800068e        0x2 
 .text.HAL_Init
                0x0000000008000690       0x40 ./Drivers/STM32L0xx_HAL_Driver/Src/stm32l0xx_hal.o
                0x0000000008000690                HAL_Init
 .text.HAL_InitTick
                0x00000000080006d0       0x68 ./Drivers/STM32L0xx_HAL_Driver/Src/stm32l0xx_hal.o
                0x00000000080006d0                HAL_InitTick
 .text.HAL_IncTick
                0x0000000008000738       0x24 ./Drivers/STM32L0xx_HAL_Driver/Src/stm32l0xx_hal.o
                0x0000000008000738                HAL_IncTick
 .text.HAL_GetTick
                0x000000000800075c       0x14 ./Drivers/STM32L0xx_HAL_Driver/Src/stm32l0xx_hal.o
                0x000000000800075c                HAL_GetTick
 .text.HAL_Delay
                0x0000000008000770       0x48 ./Drivers/STM32L0xx_HAL_Driver/Src/stm32l0xx_hal.o
                0x0000000008000770                HAL_Delay
 .text.__NVIC_SetPriority
                0x00000000080007b8       0xdc ./Drivers/STM32L0xx_HAL_Driver/Src/stm32l0xx_hal_cortex.o
 .text.SysTick_Config
                0x0000000008000894       0x48 ./Drivers/STM32L0xx_HAL_Driver/Src/stm32l0xx_hal_cortex.o
 .text.HAL_NVIC_SetPriority
                0x00000000080008dc       0x2a ./Drivers/STM32L0xx_HAL_Driver/Src/stm32l0xx_hal_cortex.o
                0x00000000080008dc                HAL_NVIC_SetPriority
 .text.HAL_SYSTICK_Config
                0x0000000008000906       0x1a ./Drivers/STM32L0xx_HAL_Driver/Src/stm32l0xx_hal_cortex.o
                0x0000000008000906                HAL_SYSTICK_Config
 .text.ADC_calibrate
                0x0000000008000920       0x50 ./libraries/src/adc.o
                0x0000000008000920                ADC_calibrate
 .text.ADC_init
                0x0000000008000970       0x64 ./libraries/src/adc.o
                0x0000000008000970                ADC_init
 .text.EXTI0_1_IRQHandler
                0x00000000080009d4       0x1c ./libraries/src/exti.o
                0x00000000080009d4                EXTI0_1_IRQHandler
 .text.GPIO_Start_Output
                0x00000000080009f0       0x82 ./libraries/src/gpio.o
                0x00000000080009f0                GPIO_Start_Output
 .text.GPIO_Write
                0x0000000008000a72       0x32 ./libraries/src/gpio.o
                0x0000000008000a72                GPIO_Write
 .text.SystemClock_Config
                0x0000000008000aa4       0xf4 ./libraries/src/systemclockconfig.o
                0x0000000008000aa4                SystemClock_Config
 .text.__NVIC_EnableIRQ
                0x0000000008000b98       0x34 ./libraries/src/timer.o
 .text.TIM_Start
                0x0000000008000bcc       0x50 ./libraries/src/timer.o
                0x0000000008000bcc                TIM_Start
 .text.TIM2_IRQHandler
                0x0000000008000c1c       0x34 ./libraries/src/timer.o
                0x0000000008000c1c                TIM2_IRQHandler
 .text.UART_init
                0x0000000008000c50       0x20 ./libraries/src/uart.o
                0x0000000008000c50                UART_init
 .text.__libc_init_array
                0x0000000008000c70       0x48 /Applications/STM32CubeIDE.app/Contents/Eclipse/plugins/com.st.stm32cube.ide.mcu.externaltools.gnu-tools-for-stm32.10.3-2021.10.macos64_1.0.100.202210260954/tools/bin/../lib/gcc/arm-none-eabi/10.3.1/../../../../arm-none-eabi/lib/thumb/v6-m/nofp/libc_nano.a(lib_a-init.o)
                0x0000000008000c70                __libc_init_array
 *(.glue_7)
 .glue_7        0x0000000008000cb8        0x0 linker stubs
 *(.glue_7t)
 .glue_7t       0x0000000008000cb8        0x0 linker stubs
 *(.eh_frame)
 .eh_frame      0x0000000008000cb8        0x0 /Applications/STM32CubeIDE.app/Contents/Eclipse/plugins/com.st.stm32cube.ide.mcu.externaltools.gnu-tools-for-stm32.10.3-2021.10.macos64_1.0.100.202210260954/tools/bin/../lib/gcc/arm-none-eabi/10.3.1/thumb/v6-m/nofp/crtbegin.o
 *(.init)
 .init          0x0000000008000cb8        0x4 /Applications/STM32CubeIDE.app/Contents/Eclipse/plugins/com.st.stm32cube.ide.mcu.externaltools.gnu-tools-for-stm32.10.3-2021.10.macos64_1.0.100.202210260954/tools/bin/../lib/gcc/arm-none-eabi/10.3.1/thumb/v6-m/nofp/crti.o
                0x0000000008000cb8                _init
 .init          0x0000000008000cbc        0x8 /Applications/STM32CubeIDE.app/Contents/Eclipse/plugins/com.st.stm32cube.ide.mcu.externaltools.gnu-tools-for-stm32.10.3-2021.10.macos64_1.0.100.202210260954/tools/bin/../lib/gcc/arm-none-eabi/10.3.1/thumb/v6-m/nofp/crtn.o
 *(.fini)
 .fini          0x0000000008000cc4        0x4 /Applications/STM32CubeIDE.app/Contents/Eclipse/plugins/com.st.stm32cube.ide.mcu.externaltools.gnu-tools-for-stm32.10.3-2021.10.macos64_1.0.100.202210260954/tools/bin/../lib/gcc/arm-none-eabi/10.3.1/thumb/v6-m/nofp/crti.o
                0x0000000008000cc4                _fini
 .fini          0x0000000008000cc8        0x8 /Applications/STM32CubeIDE.app/Contents/Eclipse/plugins/com.st.stm32cube.ide.mcu.externaltools.gnu-tools-for-stm32.10.3-2021.10.macos64_1.0.100.202210260954/tools/bin/../lib/gcc/arm-none-eabi/10.3.1/thumb/v6-m/nofp/crtn.o
                0x0000000008000cd0                . = ALIGN (0x4)
                0x0000000008000cd0                _etext = .

.vfp11_veneer   0x0000000008000cd0        0x0
 .vfp11_veneer  0x0000000008000cd0        0x0 linker stubs

.v4_bx          0x0000000008000cd0        0x0
 .v4_bx         0x0000000008000cd0        0x0 linker stubs

.iplt           0x0000000008000cd0        0x0
 .iplt          0x0000000008000cd0        0x0 /Applications/STM32CubeIDE.app/Contents/Eclipse/plugins/com.st.stm32cube.ide.mcu.externaltools.gnu-tools-for-stm32.10.3-2021.10.macos64_1.0.100.202210260954/tools/bin/../lib/gcc/arm-none-eabi/10.3.1/thumb/v6-m/nofp/crtbegin.o

.rodata         0x0000000008000cd0       0x1c
                0x0000000008000cd0                . = ALIGN (0x4)
 *(.rodata)
 *(.rodata*)
 .rodata.AHBPrescTable
                0x0000000008000cd0       0x10 ./Core/Src/system_stm32l0xx.o
                0x0000000008000cd0                AHBPrescTable
 .rodata.PLLMulTable
                0x0000000008000ce0        0x9 ./Core/Src/system_stm32l0xx.o
                0x0000000008000ce0                PLLMulTable
                0x0000000008000cec                . = ALIGN (0x4)
 *fill*         0x0000000008000ce9        0x3 

.rel.dyn        0x0000000008000cec        0x0
 .rel.iplt      0x0000000008000cec        0x0 /Applications/STM32CubeIDE.app/Contents/Eclipse/plugins/com.st.stm32cube.ide.mcu.externaltools.gnu-tools-for-stm32.10.3-2021.10.macos64_1.0.100.202210260954/tools/bin/../lib/gcc/arm-none-eabi/10.3.1/thumb/v6-m/nofp/crtbegin.o

.ARM.extab      0x0000000008000cec        0x0
                0x0000000008000cec                . = ALIGN (0x4)
 *(.ARM.extab* .gnu.linkonce.armextab.*)
                0x0000000008000cec                . = ALIGN (0x4)

.ARM            0x0000000008000cec        0x0
                0x0000000008000cec                . = ALIGN (0x4)
                0x0000000008000cec                __exidx_start = .
 *(.ARM.exidx*)
                0x0000000008000cec                __exidx_end = .
                0x0000000008000cec                . = ALIGN (0x4)

.preinit_array  0x0000000008000cec        0x0
                0x0000000008000cec                . = ALIGN (0x4)
                0x0000000008000cec                PROVIDE (__preinit_array_start = .)
 *(.preinit_array*)
                0x0000000008000cec                PROVIDE (__preinit_array_end = .)
                0x0000000008000cec                . = ALIGN (0x4)

.init_array     0x0000000008000cec        0x4
                0x0000000008000cec                . = ALIGN (0x4)
                0x0000000008000cec                PROVIDE (__init_array_start = .)
 *(SORT_BY_NAME(.init_array.*))
 *(.init_array*)
 .init_array    0x0000000008000cec        0x4 /Applications/STM32CubeIDE.app/Contents/Eclipse/plugins/com.st.stm32cube.ide.mcu.externaltools.gnu-tools-for-stm32.10.3-2021.10.macos64_1.0.100.202210260954/tools/bin/../lib/gcc/arm-none-eabi/10.3.1/thumb/v6-m/nofp/crtbegin.o
                0x0000000008000cf0                PROVIDE (__init_array_end = .)
                0x0000000008000cf0                . = ALIGN (0x4)

.fini_array     0x0000000008000cf0        0x4
                0x0000000008000cf0                . = ALIGN (0x4)
                [!provide]                        PROVIDE (__fini_array_start = .)
 *(SORT_BY_NAME(.fini_array.*))
 *(.fini_array*)
 .fini_array    0x0000000008000cf0        0x4 /Applications/STM32CubeIDE.app/Contents/Eclipse/plugins/com.st.stm32cube.ide.mcu.externaltools.gnu-tools-for-stm32.10.3-2021.10.macos64_1.0.100.202210260954/tools/bin/../lib/gcc/arm-none-eabi/10.3.1/thumb/v6-m/nofp/crtbegin.o
                [!provide]                        PROVIDE (__fini_array_end = .)
                0x0000000008000cf4                . = ALIGN (0x4)
                0x0000000008000cf4                _sidata = LOADADDR (.data)

.data           0x0000000020000000        0xc load address 0x0000000008000cf4
                0x0000000020000000                . = ALIGN (0x4)
                0x0000000020000000                _sdata = .
 *(.data)
 *(.data*)
 .data.SystemCoreClock
                0x0000000020000000        0x4 ./Core/Src/system_stm32l0xx.o
                0x0000000020000000                SystemCoreClock
 .data.uwTickPrio
                0x0000000020000004        0x4 ./Drivers/STM32L0xx_HAL_Driver/Src/stm32l0xx_hal.o
                0x0000000020000004                uwTickPrio
 .data.uwTickFreq
                0x0000000020000008        0x1 ./Drivers/STM32L0xx_HAL_Driver/Src/stm32l0xx_hal.o
                0x0000000020000008                uwTickFreq
 *(.RamFunc)
 *(.RamFunc*)
                0x000000002000000c                . = ALIGN (0x4)
 *fill*         0x0000000020000009        0x3 
                0x000000002000000c                _edata = .

.igot.plt       0x000000002000000c        0x0 load address 0x0000000008000d00
 .igot.plt      0x000000002000000c        0x0 /Applications/STM32CubeIDE.app/Contents/Eclipse/plugins/com.st.stm32cube.ide.mcu.externaltools.gnu-tools-for-stm32.10.3-2021.10.macos64_1.0.100.202210260954/tools/bin/../lib/gcc/arm-none-eabi/10.3.1/thumb/v6-m/nofp/crtbegin.o
                0x000000002000000c                . = ALIGN (0x4)

.bss            0x000000002000000c       0x24 load address 0x0000000008000d00
                0x000000002000000c                _sbss = .
                0x000000002000000c                __bss_start__ = _sbss
 *(.bss)
 .bss           0x000000002000000c       0x1c /Applications/STM32CubeIDE.app/Contents/Eclipse/plugins/com.st.stm32cube.ide.mcu.externaltools.gnu-tools-for-stm32.10.3-2021.10.macos64_1.0.100.202210260954/tools/bin/../lib/gcc/arm-none-eabi/10.3.1/thumb/v6-m/nofp/crtbegin.o
 *(.bss*)
 .bss.countPerInterrupt
                0x0000000020000028        0x2 ./Core/Src/main.o
                0x0000000020000028                countPerInterrupt
 .bss.oneSecondIsOver
                0x000000002000002a        0x1 ./Core/Src/main.o
                0x000000002000002a                oneSecondIsOver
 *fill*         0x000000002000002b        0x1 
 .bss.uwTick    0x000000002000002c        0x4 ./Drivers/STM32L0xx_HAL_Driver/Src/stm32l0xx_hal.o
                0x000000002000002c                uwTick
 *(COMMON)
                0x0000000020000030                . = ALIGN (0x4)
                0x0000000020000030                _ebss = .
                0x0000000020000030                __bss_end__ = _ebss

._user_heap_stack
                0x0000000020000030      0x600 load address 0x0000000008000d00
                0x0000000020000030                . = ALIGN (0x8)
                [!provide]                        PROVIDE (end = .)
                0x0000000020000030                PROVIDE (_end = .)
                0x0000000020000230                . = (. + _Min_Heap_Size)
 *fill*         0x0000000020000030      0x200 
                0x0000000020000630                . = (. + _Min_Stack_Size)
 *fill*         0x0000000020000230      0x400 
                0x0000000020000630                . = ALIGN (0x8)

/DISCARD/
 libc.a(*)
 libm.a(*)
 libgcc.a(*)

.ARM.attributes
                0x0000000000000000       0x28
 *(.ARM.attributes)
 .ARM.attributes
                0x0000000000000000       0x1e /Applications/STM32CubeIDE.app/Contents/Eclipse/plugins/com.st.stm32cube.ide.mcu.externaltools.gnu-tools-for-stm32.10.3-2021.10.macos64_1.0.100.202210260954/tools/bin/../lib/gcc/arm-none-eabi/10.3.1/thumb/v6-m/nofp/crti.o
 .ARM.attributes
                0x000000000000001e       0x2c /Applications/STM32CubeIDE.app/Contents/Eclipse/plugins/com.st.stm32cube.ide.mcu.externaltools.gnu-tools-for-stm32.10.3-2021.10.macos64_1.0.100.202210260954/tools/bin/../lib/gcc/arm-none-eabi/10.3.1/thumb/v6-m/nofp/crtbegin.o
 .ARM.attributes
                0x000000000000004a       0x2c ./Core/Src/main.o
 .ARM.attributes
                0x0000000000000076       0x2c ./Core/Src/stm32l0xx_hal_msp.o
 .ARM.attributes
                0x00000000000000a2       0x2c ./Core/Src/stm32l0xx_it.o
 .ARM.attributes
                0x00000000000000ce       0x2c ./Core/Src/system_stm32l0xx.o
 .ARM.attributes
                0x00000000000000fa       0x22 ./Core/Startup/startup_stm32l011k4tx.o
 .ARM.attributes
                0x000000000000011c       0x2c ./Drivers/STM32L0xx_HAL_Driver/Src/stm32l0xx_hal.o
 .ARM.attributes
                0x0000000000000148       0x2c ./Drivers/STM32L0xx_HAL_Driver/Src/stm32l0xx_hal_cortex.o
 .ARM.attributes
                0x0000000000000174       0x2c ./libraries/src/adc.o
 .ARM.attributes
                0x00000000000001a0       0x2c ./libraries/src/exti.o
 .ARM.attributes
                0x00000000000001cc       0x2c ./libraries/src/gpio.o
 .ARM.attributes
                0x00000000000001f8       0x2c ./libraries/src/systemclockconfig.o
 .ARM.attributes
                0x0000000000000224       0x2c ./libraries/src/timer.o
 .ARM.attributes
                0x0000000000000250       0x2c ./libraries/src/uart.o
 .ARM.attributes
                0x000000000000027c       0x2c /Applications/STM32CubeIDE.app/Contents/Eclipse/plugins/com.st.stm32cube.ide.mcu.externaltools.gnu-tools-for-stm32.10.3-2021.10.macos64_1.0.100.202210260954/tools/bin/../lib/gcc/arm-none-eabi/10.3.1/../../../../arm-none-eabi/lib/thumb/v6-m/nofp/libc_nano.a(lib_a-init.o)
 .ARM.attributes
                0x00000000000002a8       0x1e /Applications/STM32CubeIDE.app/Contents/Eclipse/plugins/com.st.stm32cube.ide.mcu.externaltools.gnu-tools-for-stm32.10.3-2021.10.macos64_1.0.100.202210260954/tools/bin/../lib/gcc/arm-none-eabi/10.3.1/thumb/v6-m/nofp/libgcc.a(_udivsi3.o)
 .ARM.attributes
                0x00000000000002c6       0x1e /Applications/STM32CubeIDE.app/Contents/Eclipse/plugins/com.st.stm32cube.ide.mcu.externaltools.gnu-tools-for-stm32.10.3-2021.10.macos64_1.0.100.202210260954/tools/bin/../lib/gcc/arm-none-eabi/10.3.1/thumb/v6-m/nofp/libgcc.a(_dvmd_tls.o)
 .ARM.attributes
                0x00000000000002e4       0x1e /Applications/STM32CubeIDE.app/Contents/Eclipse/plugins/com.st.stm32cube.ide.mcu.externaltools.gnu-tools-for-stm32.10.3-2021.10.macos64_1.0.100.202210260954/tools/bin/../lib/gcc/arm-none-eabi/10.3.1/thumb/v6-m/nofp/crtn.o
OUTPUT(Bicycle.elf elf32-littlearm)
LOAD linker stubs
LOAD /Applications/STM32CubeIDE.app/Contents/Eclipse/plugins/com.st.stm32cube.ide.mcu.externaltools.gnu-tools-for-stm32.10.3-2021.10.macos64_1.0.100.202210260954/tools/bin/../lib/gcc/arm-none-eabi/10.3.1/../../../../arm-none-eabi/lib/thumb/v6-m/nofp/libc.a
LOAD /Applications/STM32CubeIDE.app/Contents/Eclipse/plugins/com.st.stm32cube.ide.mcu.externaltools.gnu-tools-for-stm32.10.3-2021.10.macos64_1.0.100.202210260954/tools/bin/../lib/gcc/arm-none-eabi/10.3.1/../../../../arm-none-eabi/lib/thumb/v6-m/nofp/libm.a
LOAD /Applications/STM32CubeIDE.app/Contents/Eclipse/plugins/com.st.stm32cube.ide.mcu.externaltools.gnu-tools-for-stm32.10.3-2021.10.macos64_1.0.100.202210260954/tools/bin/../lib/gcc/arm-none-eabi/10.3.1/thumb/v6-m/nofp/libgcc.a

.debug_info     0x0000000000000000     0x3233
 .debug_info    0x0000000000000000      0xa8a ./Core/Src/main.o
 .debug_info    0x0000000000000a8a      0x1e3 ./Core/Src/stm32l0xx_hal_msp.o
 .debug_info    0x0000000000000c6d       0xda ./Core/Src/stm32l0xx_it.o
 .debug_info    0x0000000000000d47      0x309 ./Core/Src/system_stm32l0xx.o
 .debug_info    0x0000000000001050       0x22 ./Core/Startup/startup_stm32l011k4tx.o
 .debug_info    0x0000000000001072      0x869 ./Drivers/STM32L0xx_HAL_Driver/Src/stm32l0xx_hal.o
 .debug_info    0x00000000000018db      0x6d3 ./Drivers/STM32L0xx_HAL_Driver/Src/stm32l0xx_hal_cortex.o
 .debug_info    0x0000000000001fae      0x21a ./libraries/src/adc.o
 .debug_info    0x00000000000021c8      0x48a ./libraries/src/exti.o
 .debug_info    0x0000000000002652      0x310 ./libraries/src/gpio.o
 .debug_info    0x0000000000002962      0x2a0 ./libraries/src/systemclockconfig.o
 .debug_info    0x0000000000002c02      0x412 ./libraries/src/timer.o
 .debug_info    0x0000000000003014      0x21f ./libraries/src/uart.o

.debug_abbrev   0x0000000000000000     0x1148
 .debug_abbrev  0x0000000000000000      0x2de ./Core/Src/main.o
 .debug_abbrev  0x00000000000002de       0x9d ./Core/Src/stm32l0xx_hal_msp.o
 .debug_abbrev  0x000000000000037b       0x74 ./Core/Src/stm32l0xx_it.o
 .debug_abbrev  0x00000000000003ef      0x116 ./Core/Src/system_stm32l0xx.o
 .debug_abbrev  0x0000000000000505       0x12 ./Core/Startup/startup_stm32l011k4tx.o
 .debug_abbrev  0x0000000000000517      0x29a ./Drivers/STM32L0xx_HAL_Driver/Src/stm32l0xx_hal.o
 .debug_abbrev  0x00000000000007b1      0x265 ./Drivers/STM32L0xx_HAL_Driver/Src/stm32l0xx_hal_cortex.o
 .debug_abbrev  0x0000000000000a16       0xf4 ./libraries/src/adc.o
 .debug_abbrev  0x0000000000000b0a      0x1ad ./libraries/src/exti.o
 .debug_abbrev  0x0000000000000cb7      0x14a ./libraries/src/gpio.o
 .debug_abbrev  0x0000000000000e01       0xce ./libraries/src/systemclockconfig.o
 .debug_abbrev  0x0000000000000ecf      0x177 ./libraries/src/timer.o
 .debug_abbrev  0x0000000000001046      0x102 ./libraries/src/uart.o

.debug_aranges  0x0000000000000000      0x3e8
 .debug_aranges
                0x0000000000000000       0x48 ./Core/Src/main.o
 .debug_aranges
                0x0000000000000048       0x20 ./Core/Src/stm32l0xx_hal_msp.o
 .debug_aranges
                0x0000000000000068       0x40 ./Core/Src/stm32l0xx_it.o
 .debug_aranges
                0x00000000000000a8       0x28 ./Core/Src/system_stm32l0xx.o
 .debug_aranges
                0x00000000000000d0       0x28 ./Core/Startup/startup_stm32l011k4tx.o
 .debug_aranges
                0x00000000000000f8      0x110 ./Drivers/STM32L0xx_HAL_Driver/Src/stm32l0xx_hal.o
 .debug_aranges
                0x0000000000000208       0xc0 ./Drivers/STM32L0xx_HAL_Driver/Src/stm32l0xx_hal_cortex.o
 .debug_aranges
                0x00000000000002c8       0x30 ./libraries/src/adc.o
 .debug_aranges
                0x00000000000002f8       0x38 ./libraries/src/exti.o
 .debug_aranges
                0x0000000000000330       0x38 ./libraries/src/gpio.o
 .debug_aranges
                0x0000000000000368       0x20 ./libraries/src/systemclockconfig.o
 .debug_aranges
                0x0000000000000388       0x30 ./libraries/src/timer.o
 .debug_aranges
                0x00000000000003b8       0x30 ./libraries/src/uart.o

.debug_ranges   0x0000000000000000      0x320
 .debug_ranges  0x0000000000000000       0x38 ./Core/Src/main.o
 .debug_ranges  0x0000000000000038       0x10 ./Core/Src/stm32l0xx_hal_msp.o
 .debug_ranges  0x0000000000000048       0x30 ./Core/Src/stm32l0xx_it.o
 .debug_ranges  0x0000000000000078       0x18 ./Core/Src/system_stm32l0xx.o
 .debug_ranges  0x0000000000000090       0x20 ./Core/Startup/startup_stm32l011k4tx.o
 .debug_ranges  0x00000000000000b0      0x100 ./Drivers/STM32L0xx_HAL_Driver/Src/stm32l0xx_hal.o
 .debug_ranges  0x00000000000001b0       0xb0 ./Drivers/STM32L0xx_HAL_Driver/Src/stm32l0xx_hal_cortex.o
 .debug_ranges  0x0000000000000260       0x20 ./libraries/src/adc.o
 .debug_ranges  0x0000000000000280       0x28 ./libraries/src/exti.o
 .debug_ranges  0x00000000000002a8       0x28 ./libraries/src/gpio.o
 .debug_ranges  0x00000000000002d0       0x10 ./libraries/src/systemclockconfig.o
 .debug_ranges  0x00000000000002e0       0x20 ./libraries/src/timer.o
 .debug_ranges  0x0000000000000300       0x20 ./libraries/src/uart.o

.debug_macro    0x0000000000000000     0xf928
 .debug_macro   0x0000000000000000      0x209 ./Core/Src/main.o
 .debug_macro   0x0000000000000209      0xa4e ./Core/Src/main.o
 .debug_macro   0x0000000000000c57      0x119 ./Core/Src/main.o
 .debug_macro   0x0000000000000d70       0x2e ./Core/Src/main.o
 .debug_macro   0x0000000000000d9e       0x28 ./Core/Src/main.o
 .debug_macro   0x0000000000000dc6       0x22 ./Core/Src/main.o
 .debug_macro   0x0000000000000de8       0x8e ./Core/Src/main.o
 .debug_macro   0x0000000000000e76       0x51 ./Core/Src/main.o
 .debug_macro   0x0000000000000ec7      0x103 ./Core/Src/main.o
 .debug_macro   0x0000000000000fca       0x6a ./Core/Src/main.o
 .debug_macro   0x0000000000001034      0x1df ./Core/Src/main.o
 .debug_macro   0x0000000000001213       0x1c ./Core/Src/main.o
 .debug_macro   0x000000000000122f       0x22 ./Core/Src/main.o
 .debug_macro   0x0000000000001251       0xaf ./Core/Src/main.o
 .debug_macro   0x0000000000001300      0x3ad ./Core/Src/main.o
 .debug_macro   0x00000000000016ad     0x7ba3 ./Core/Src/main.o
 .debug_macro   0x0000000000009250       0x66 ./Core/Src/main.o
 .debug_macro   0x00000000000092b6     0x355c ./Core/Src/main.o
 .debug_macro   0x000000000000c812      0x174 ./Core/Src/main.o
 .debug_macro   0x000000000000c986       0x5b ./Core/Src/main.o
 .debug_macro   0x000000000000c9e1      0x899 ./Core/Src/main.o
 .debug_macro   0x000000000000d27a      0x42e ./Core/Src/main.o
 .debug_macro   0x000000000000d6a8      0x182 ./Core/Src/main.o
 .debug_macro   0x000000000000d82a      0x13f ./Core/Src/main.o
 .debug_macro   0x000000000000d969       0xf1 ./Core/Src/main.o
 .debug_macro   0x000000000000da5a       0x82 ./Core/Src/main.o
 .debug_macro   0x000000000000dadc      0x28e ./Core/Src/main.o
 .debug_macro   0x000000000000dd6a       0x28 ./Core/Src/main.o
 .debug_macro   0x000000000000dd92      0x129 ./Core/Src/main.o
 .debug_macro   0x000000000000debb      0x244 ./Core/Src/main.o
 .debug_macro   0x000000000000e0ff      0x22c ./Core/Src/main.o
 .debug_macro   0x000000000000e32b       0x5b ./Core/Src/main.o
 .debug_macro   0x000000000000e386       0xa5 ./Core/Src/main.o
 .debug_macro   0x000000000000e42b      0x187 ./Core/Src/main.o
 .debug_macro   0x000000000000e5b2       0x16 ./Core/Src/main.o
 .debug_macro   0x000000000000e5c8      0x11e ./Core/Src/main.o
 .debug_macro   0x000000000000e6e6       0x10 ./Core/Src/main.o
 .debug_macro   0x000000000000e6f6      0x1a6 ./Core/Src/stm32l0xx_hal_msp.o
 .debug_macro   0x000000000000e89c      0x1b0 ./Core/Src/stm32l0xx_it.o
 .debug_macro   0x000000000000ea4c      0x19c ./Core/Src/system_stm32l0xx.o
 .debug_macro   0x000000000000ebe8      0x1c0 ./Drivers/STM32L0xx_HAL_Driver/Src/stm32l0xx_hal.o
 .debug_macro   0x000000000000eda8      0x19c ./Drivers/STM32L0xx_HAL_Driver/Src/stm32l0xx_hal_cortex.o
 .debug_macro   0x000000000000ef44      0x1a6 ./libraries/src/adc.o
 .debug_macro   0x000000000000f0ea      0x1a6 ./libraries/src/exti.o
 .debug_macro   0x000000000000f290      0x1a6 ./libraries/src/gpio.o
 .debug_macro   0x000000000000f436      0x1a6 ./libraries/src/systemclockconfig.o
 .debug_macro   0x000000000000f5dc      0x1a6 ./libraries/src/timer.o
 .debug_macro   0x000000000000f782      0x1a6 ./libraries/src/uart.o

.debug_line     0x0000000000000000     0x5ee6
 .debug_line    0x0000000000000000      0x8f8 ./Core/Src/main.o
 .debug_line    0x00000000000008f8      0x6b2 ./Core/Src/stm32l0xx_hal_msp.o
 .debug_line    0x0000000000000faa      0x717 ./Core/Src/stm32l0xx_it.o
 .debug_line    0x00000000000016c1      0x763 ./Core/Src/system_stm32l0xx.o
 .debug_line    0x0000000000001e24       0x9b ./Core/Startup/startup_stm32l011k4tx.o
 .debug_line    0x0000000000001ebf      0xa06 ./Drivers/STM32L0xx_HAL_Driver/Src/stm32l0xx_hal.o
 .debug_line    0x00000000000028c5      0x9dd ./Drivers/STM32L0xx_HAL_Driver/Src/stm32l0xx_hal_cortex.o
 .debug_line    0x00000000000032a2      0x76c ./libraries/src/adc.o
 .debug_line    0x0000000000003a0e      0x79b ./libraries/src/exti.o
 .debug_line    0x00000000000041a9      0x77f ./libraries/src/gpio.o
 .debug_line    0x0000000000004928      0x72f ./libraries/src/systemclockconfig.o
 .debug_line    0x0000000000005057      0x73c ./libraries/src/timer.o
 .debug_line    0x0000000000005793      0x753 ./libraries/src/uart.o

.debug_str      0x0000000000000000    0x5b844
 .debug_str     0x0000000000000000    0x5aeb8 ./Core/Src/main.o
                                      0x5b24b (size before relaxing)
 .debug_str     0x000000000005aeb8       0xc4 ./Core/Src/stm32l0xx_hal_msp.o
                                      0x5ad32 (size before relaxing)
 .debug_str     0x000000000005af7c       0x82 ./Core/Src/stm32l0xx_it.o
                                      0x5acdc (size before relaxing)
 .debug_str     0x000000000005affe       0x73 ./Core/Src/system_stm32l0xx.o
                                      0x5ada7 (size before relaxing)
 .debug_str     0x000000000005b071       0x6f ./Core/Startup/startup_stm32l011k4tx.o
 .debug_str     0x000000000005b0e0      0x476 ./Drivers/STM32L0xx_HAL_Driver/Src/stm32l0xx_hal.o
                                      0x5b43c (size before relaxing)
 .debug_str     0x000000000005b556      0x13b ./Drivers/STM32L0xx_HAL_Driver/Src/stm32l0xx_hal_cortex.o
                                      0x5b091 (size before relaxing)
 .debug_str     0x000000000005b691       0x25 ./libraries/src/adc.o
                                      0x5ad1e (size before relaxing)
 .debug_str     0x000000000005b6b6       0x53 ./libraries/src/exti.o
                                      0x5af1e (size before relaxing)
 .debug_str     0x000000000005b709       0x97 ./libraries/src/gpio.o
                                      0x5adb4 (size before relaxing)
 .debug_str     0x000000000005b7a0       0x31 ./libraries/src/systemclockconfig.o
                                      0x5ad95 (size before relaxing)
 .debug_str     0x000000000005b7d1       0x2e ./libraries/src/timer.o
                                      0x5aeda (size before relaxing)
 .debug_str     0x000000000005b7ff       0x45 ./libraries/src/uart.o
                                      0x5acf4 (size before relaxing)

.comment        0x0000000000000000       0x50
 .comment       0x0000000000000000       0x50 ./Core/Src/main.o
                                         0x51 (size before relaxing)
 .comment       0x0000000000000050       0x51 ./Core/Src/stm32l0xx_hal_msp.o
 .comment       0x0000000000000050       0x51 ./Core/Src/stm32l0xx_it.o
 .comment       0x0000000000000050       0x51 ./Core/Src/system_stm32l0xx.o
 .comment       0x0000000000000050       0x51 ./Drivers/STM32L0xx_HAL_Driver/Src/stm32l0xx_hal.o
 .comment       0x0000000000000050       0x51 ./Drivers/STM32L0xx_HAL_Driver/Src/stm32l0xx_hal_cortex.o
 .comment       0x0000000000000050       0x51 ./libraries/src/adc.o
 .comment       0x0000000000000050       0x51 ./libraries/src/exti.o
 .comment       0x0000000000000050       0x51 ./libraries/src/gpio.o
 .comment       0x0000000000000050       0x51 ./libraries/src/systemclockconfig.o
 .comment       0x0000000000000050       0x51 ./libraries/src/timer.o
 .comment       0x0000000000000050       0x51 ./libraries/src/uart.o

.debug_frame    0x0000000000000000      0xaf4
 .debug_frame   0x0000000000000000       0xd0 ./Core/Src/main.o
 .debug_frame   0x00000000000000d0       0x2c ./Core/Src/stm32l0xx_hal_msp.o
 .debug_frame   0x00000000000000fc       0x9c ./Core/Src/stm32l0xx_it.o
 .debug_frame   0x0000000000000198       0x4c ./Core/Src/system_stm32l0xx.o
 .debug_frame   0x00000000000001e4      0x394 ./Drivers/STM32L0xx_HAL_Driver/Src/stm32l0xx_hal.o
 .debug_frame   0x0000000000000578      0x2a0 ./Drivers/STM32L0xx_HAL_Driver/Src/stm32l0xx_hal_cortex.o
 .debug_frame   0x0000000000000818       0x70 ./libraries/src/adc.o
 .debug_frame   0x0000000000000888       0x88 ./libraries/src/exti.o
 .debug_frame   0x0000000000000910       0x90 ./libraries/src/gpio.o
 .debug_frame   0x00000000000009a0       0x2c ./libraries/src/systemclockconfig.o
 .debug_frame   0x00000000000009cc       0x6c ./libraries/src/timer.o
 .debug_frame   0x0000000000000a38       0x70 ./libraries/src/uart.o
 .debug_frame   0x0000000000000aa8       0x2c /Applications/STM32CubeIDE.app/Contents/Eclipse/plugins/com.st.stm32cube.ide.mcu.externaltools.gnu-tools-for-stm32.10.3-2021.10.macos64_1.0.100.202210260954/tools/bin/../lib/gcc/arm-none-eabi/10.3.1/../../../../arm-none-eabi/lib/thumb/v6-m/nofp/libc_nano.a(lib_a-init.o)
 .debug_frame   0x0000000000000ad4       0x20 /Applications/STM32CubeIDE.app/Contents/Eclipse/plugins/com.st.stm32cube.ide.mcu.externaltools.gnu-tools-for-stm32.10.3-2021.10.macos64_1.0.100.202210260954/tools/bin/../lib/gcc/arm-none-eabi/10.3.1/thumb/v6-m/nofp/libgcc.a(_udivsi3.o)
